[debug] [2026-06-06T00:52:08.512Z] ----------------------------------------------------------------------
[debug] [2026-06-06T00:52:08.516Z] Command:       C:\Program Files\nodejs\node.exe C:\Users\timmy.karlsson\AppData\Roaming\npm\node_modules\firebase-tools\lib\bin\firebase.js deploy --only functions
[debug] [2026-06-06T00:52:08.517Z] CLI Version:   15.19.1
[debug] [2026-06-06T00:52:08.517Z] Platform:      win32
[debug] [2026-06-06T00:52:08.517Z] Node Version:  v24.11.0
[debug] [2026-06-06T00:52:08.517Z] Time:          Sat Jun 06 2026 02:52:08 GMT+0200 (centraleuropeisk sommartid)
[debug] [2026-06-06T00:52:08.517Z] ----------------------------------------------------------------------
[debug] 
[debug] [2026-06-06T00:52:08.521Z] >>> [apiv2][query] GET https://firebase-public.firebaseio.com/cli.json [none]
[debug] [2026-06-06T00:52:11.374Z] > command requires scopes: ["email","openid","https://www.googleapis.com/auth/cloudplatformprojects.readonly","https://www.googleapis.com/auth/firebase","https://www.googleapis.com/auth/cloud-platform"]
[debug] [2026-06-06T00:52:11.374Z] > authorizing via signed-in user (timmykarlsson@gmail.com)
[debug] [2026-06-06T00:52:11.374Z] [iam] checking project laguttagning for permissions ["cloudfunctions.functions.create","cloudfunctions.functions.delete","cloudfunctions.functions.get","cloudfunctions.functions.list","cloudfunctions.functions.update","cloudfunctions.operations.get","firebase.projects.get"]
[debug] [2026-06-06T00:52:11.375Z] Checked if tokens are valid: false, expires at: 1780683461293
[debug] [2026-06-06T00:52:11.375Z] Checked if tokens are valid: false, expires at: 1780683461293
[debug] [2026-06-06T00:52:11.375Z] > refreshing access token with scopes: []
[debug] [2026-06-06T00:52:11.377Z] >>> [apiv2][query] POST https://www.googleapis.com/oauth2/v3/token [none]
[debug] [2026-06-06T00:52:11.377Z] >>> [apiv2][body] POST https://www.googleapis.com/oauth2/v3/token [omitted]
[debug] [2026-06-06T00:52:11.472Z] <<< [apiv2][status] POST https://www.googleapis.com/oauth2/v3/token 200
[debug] [2026-06-06T00:52:11.472Z] <<< [apiv2][body] POST https://www.googleapis.com/oauth2/v3/token [omitted]
[debug] [2026-06-06T00:52:11.492Z] >>> [apiv2][query] POST https://cloudresourcemanager.googleapis.com/v1/projects/laguttagning:testIamPermissions [none]
[debug] [2026-06-06T00:52:11.492Z] >>> [apiv2][(partial)header] POST https://cloudresourcemanager.googleapis.com/v1/projects/laguttagning:testIamPermissions  x-goog-user-project=laguttagning
[debug] [2026-06-06T00:52:11.493Z] >>> [apiv2][body] POST https://cloudresourcemanager.googleapis.com/v1/projects/laguttagning:testIamPermissions {"permissions":["cloudfunctions.functions.create","cloudfunctions.functions.delete","cloudfunctions.functions.get","cloudfunctions.functions.list","cloudfunctions.functions.update","cloudfunctions.operations.get","firebase.projects.get"]}
[debug] [2026-06-06T00:52:11.670Z] <<< [apiv2][status] GET https://firebase-public.firebaseio.com/cli.json 200
[debug] [2026-06-06T00:52:11.670Z] <<< [apiv2][body] GET https://firebase-public.firebaseio.com/cli.json {"cloudBuildErrorAfter":1594252800000,"cloudBuildWarnAfter":1590019200000,"defaultNode10After":1594252800000,"minVersion":"3.0.5","node8DeploysDisabledAfter":1613390400000,"node8RuntimeDisabledAfter":1615809600000,"node8WarnAfter":1600128000000}
[debug] [2026-06-06T00:52:11.712Z] <<< [apiv2][status] POST https://cloudresourcemanager.googleapis.com/v1/projects/laguttagning:testIamPermissions 200
[debug] [2026-06-06T00:52:11.713Z] <<< [apiv2][body] POST https://cloudresourcemanager.googleapis.com/v1/projects/laguttagning:testIamPermissions {"permissions":["cloudfunctions.functions.create","cloudfunctions.functions.delete","cloudfunctions.functions.get","cloudfunctions.functions.list","cloudfunctions.functions.update","cloudfunctions.operations.get","firebase.projects.get"]}
[debug] [2026-06-06T00:52:11.713Z] Checked if tokens are valid: true, expires at: 1780710730473
[debug] [2026-06-06T00:52:11.713Z] Checked if tokens are valid: true, expires at: 1780710730473
[debug] [2026-06-06T00:52:11.713Z] >>> [apiv2][query] POST https://iam.googleapis.com/v1/projects/laguttagning/serviceAccounts/laguttagning@appspot.gserviceaccount.com:testIamPermissions [none]
[debug] [2026-06-06T00:52:11.713Z] >>> [apiv2][body] POST https://iam.googleapis.com/v1/projects/laguttagning/serviceAccounts/laguttagning@appspot.gserviceaccount.com:testIamPermissions {"permissions":["iam.serviceAccounts.actAs"]}
[debug] [2026-06-06T00:52:12.740Z] <<< [apiv2][status] POST https://iam.googleapis.com/v1/projects/laguttagning/serviceAccounts/laguttagning@appspot.gserviceaccount.com:testIamPermissions 200
[debug] [2026-06-06T00:52:12.741Z] <<< [apiv2][body] POST https://iam.googleapis.com/v1/projects/laguttagning/serviceAccounts/laguttagning@appspot.gserviceaccount.com:testIamPermissions {"permissions":["iam.serviceAccounts.actAs"]}
[info] 
[info] === Deploying to 'laguttagning'...
[info] 
[info] i  deploying functions 
[debug] [2026-06-06T00:52:12.744Z] Checked if tokens are valid: true, expires at: 1780710730473
[debug] [2026-06-06T00:52:12.744Z] Checked if tokens are valid: true, expires at: 1780710730473
[debug] [2026-06-06T00:52:12.744Z] >>> [apiv2][query] GET https://cloudresourcemanager.googleapis.com/v1/projects/laguttagning [none]
[debug] [2026-06-06T00:52:12.936Z] <<< [apiv2][status] GET https://cloudresourcemanager.googleapis.com/v1/projects/laguttagning 200
[debug] [2026-06-06T00:52:12.937Z] <<< [apiv2][body] GET https://cloudresourcemanager.googleapis.com/v1/projects/laguttagning {"projectNumber":"946370451262","projectId":"laguttagning","lifecycleState":"ACTIVE","name":"Laguttagning","labels":{"firebase":"enabled","firebase-core":"disabled"},"createTime":"2026-04-15T18:47:27.682Z"}
[info] i  functions: preparing codebase default for deployment 
[info] i  functions: ensuring required API cloudfunctions.googleapis.com is enabled... 
[info] i  functions: ensuring required API cloudbuild.googleapis.com is enabled... 
[info] i  artifactregistry: ensuring required API artifactregistry.googleapis.com is enabled... 
[debug] [2026-06-06T00:52:12.939Z] Checked if tokens are valid: true, expires at: 1780710730473
[debug] [2026-06-06T00:52:12.939Z] Checked if tokens are valid: true, expires at: 1780710730473
[debug] [2026-06-06T00:52:12.939Z] >>> [apiv2][query] GET https://firebase.googleapis.com/v1beta1/projects/laguttagning/adminSdkConfig [none]
[debug] [2026-06-06T00:52:13.452Z] <<< [apiv2][status] GET https://firebase.googleapis.com/v1beta1/projects/laguttagning/adminSdkConfig 200
[debug] [2026-06-06T00:52:13.452Z] <<< [apiv2][body] GET https://firebase.googleapis.com/v1beta1/projects/laguttagning/adminSdkConfig {"projectId":"laguttagning","databaseURL":"https://laguttagning-default-rtdb.europe-west1.firebasedatabase.app","storageBucket":"laguttagning.firebasestorage.app"}
[debug] [2026-06-06T00:52:13.456Z] Validating nodejs source
[debug] [2026-06-06T00:52:16.083Z] > [functions] package.json contents: {
  "name": "functions",
  "description": "Cloud Functions for Firebase",
  "scripts": {
    "serve": "firebase emulators:start --only functions",
    "shell": "firebase functions:shell",
    "start": "npm run shell",
    "deploy": "firebase deploy --only functions",
    "logs": "firebase functions:log"
  },
  "engines": {
    "node": "24"
  },
  "main": "index.js",
  "dependencies": {
    "firebase-admin": "^13.6.0",
    "firebase-functions": "^7.0.0"
  },
  "devDependencies": {
    "firebase-functions-test": "^3.4.1"
  },
  "private": true
}
[debug] [2026-06-06T00:52:16.085Z] Building nodejs source
[info] i  functions: Loading and analyzing source code for codebase default to determine what to deploy 
[debug] [2026-06-06T00:52:16.087Z] Could not find functions.yaml. Must use http discovery
[debug] [2026-06-06T00:52:16.120Z] Found firebase-functions binary at 'C:\Users\timmy.karlsson\Documents\Privat\Laguttagning\Laguttagning\functions\node_modules\.bin\firebase-functions'
[info] Serving at port 8981

[debug] [2026-06-06T00:52:18.105Z] Got response from /__/functions.yaml {"endpoints":{"importLaget":{"availableMemoryMb":256,"timeoutSeconds":60,"minInstances":null,"maxInstances":null,"ingressSettings":null,"concurrency":null,"serviceAccountEmail":null,"vpc":null,"platform":"gcfv2","region":["europe-west1"],"labels":{},"callableTrigger":{},"entryPoint":"importLaget"},"nightlyUpdate":{"availableMemoryMb":256,"timeoutSeconds":540,"minInstances":null,"maxInstances":null,"ingressSettings":null,"concurrency":null,"serviceAccountEmail":null,"vpc":null,"platform":"gcfv2","region":["europe-west1"],"labels":{},"scheduleTrigger":{"schedule":"0 4 * * *","retryConfig":{},"timeZone":"Europe/Stockholm"},"entryPoint":"nightlyUpdate"}},"specVersion":"v1alpha1","requiredAPIs":[{"api":"cloudscheduler.googleapis.com","reason":"Needed for scheduled functions."}],"extensions":{}}
[debug] [2026-06-06T00:52:22.180Z] Checked if tokens are valid: true, expires at: 1780710730473
[debug] [2026-06-06T00:52:22.180Z] Checked if tokens are valid: true, expires at: 1780710730473
[debug] [2026-06-06T00:52:22.180Z] >>> [apiv2][query] GET https://cloudfunctions.googleapis.com/v1/projects/laguttagning/locations/-/functions [none]
[debug] [2026-06-06T00:52:22.962Z] <<< [apiv2][status] GET https://cloudfunctions.googleapis.com/v1/projects/laguttagning/locations/-/functions 200
[debug] [2026-06-06T00:52:22.962Z] <<< [apiv2][body] GET https://cloudfunctions.googleapis.com/v1/projects/laguttagning/locations/-/functions {}
[debug] [2026-06-06T00:52:22.962Z] Checked if tokens are valid: true, expires at: 1780710730473
[debug] [2026-06-06T00:52:22.962Z] Checked if tokens are valid: true, expires at: 1780710730473
[debug] [2026-06-06T00:52:22.963Z] >>> [apiv2][query] GET https://cloudfunctions.googleapis.com/v2/projects/laguttagning/locations/-/functions filter=environment%3D%22GEN_2%22
[debug] [2026-06-06T00:52:24.034Z] <<< [apiv2][status] GET https://cloudfunctions.googleapis.com/v2/projects/laguttagning/locations/-/functions 200
[debug] [2026-06-06T00:52:24.034Z] <<< [apiv2][body] GET https://cloudfunctions.googleapis.com/v2/projects/laguttagning/locations/-/functions {"functions":[{"name":"projects/laguttagning/locations/europe-west1/functions/importLaget","buildConfig":{"build":"projects/946370451262/locations/europe-west1/builds/76b7cf86-fb9d-4ecf-bebb-1912ae8cb464","runtime":"nodejs24","entryPoint":"importLaget","source":{"storageSource":{"bucket":"gcf-v2-sources-946370451262-europe-west1","object":"importLaget/function-source.zip","generation":"1780681930286314"}},"environmentVariables":{"GOOGLE_NODE_RUN_SCRIPTS":""},"dockerRepository":"projects/laguttagning/locations/europe-west1/repositories/gcf-artifacts","sourceProvenance":{"resolvedStorageSource":{"bucket":"gcf-v2-sources-946370451262-europe-west1","object":"importLaget/function-source.zip","generation":"1780681930286314"}},"dockerRegistry":"ARTIFACT_REGISTRY","serviceAccount":"projects/laguttagning/serviceAccounts/946370451262-compute@developer.gserviceaccount.com","automaticUpdatePolicy":{}},"serviceConfig":{"service":"projects/laguttagning/locations/europe-west1/services/importlaget","timeoutSeconds":60,"environmentVariables":{"FIREBASE_CONFIG":"{\"projectId\":\"laguttagning\",\"databaseURL\":\"https://laguttagning-default-rtdb.europe-west1.firebasedatabase.app\",\"storageBucket\":\"laguttagning.firebasestorage.app\"}","GCLOUD_PROJECT":"laguttagning","EVENTARC_CLOUD_EVENT_SOURCE":"projects/laguttagning/locations/europe-west1/services/importLaget","FUNCTION_TARGET":"importLaget","LOG_EXECUTION_ID":"true"},"maxInstanceCount":20,"ingressSettings":"ALLOW_ALL","uri":"https://importlaget-bfecvs6rea-ew.a.run.app","serviceAccountEmail":"946370451262-compute@developer.gserviceaccount.com","availableMemory":"256Mi","allTrafficOnLatestRevision":true,"revision":"importlaget-00002-raf","maxInstanceRequestConcurrency":80,"availableCpu":"1"},"state":"ACTIVE","updateTime":"2026-06-05T17:53:02.193992290Z","labels":{"deployment-callable":"true","firebase-functions-hash":"c9907c98d69aba75186fd38ec8ce307e32b56c0d","deployment-tool":"cli-firebase"},"environment":"GEN_2","url":"https://europe-west1-laguttagning.cloudfunctions.net/importLaget","createTime":"2026-06-05T17:18:43.514008388Z","satisfiesPzi":true}]}
[info] i  extensions: ensuring required API firebaseextensions.googleapis.com is enabled... 
[debug] [2026-06-06T00:52:24.037Z] > command requires scopes: ["email","openid","https://www.googleapis.com/auth/cloudplatformprojects.readonly","https://www.googleapis.com/auth/firebase","https://www.googleapis.com/auth/cloud-platform"]
[debug] [2026-06-06T00:52:24.037Z] > authorizing via signed-in user (timmykarlsson@gmail.com)
[debug] [2026-06-06T00:52:24.037Z] [iam] checking project laguttagning for permissions ["firebase.projects.get","firebaseextensions.instances.list"]
[debug] [2026-06-06T00:52:24.037Z] Checked if tokens are valid: true, expires at: 1780710730473
[debug] [2026-06-06T00:52:24.038Z] Checked if tokens are valid: true, expires at: 1780710730473
[debug] [2026-06-06T00:52:24.038Z] >>> [apiv2][query] POST https://cloudresourcemanager.googleapis.com/v1/projects/laguttagning:testIamPermissions [none]
[debug] [2026-06-06T00:52:24.038Z] >>> [apiv2][(partial)header] POST https://cloudresourcemanager.googleapis.com/v1/projects/laguttagning:testIamPermissions  x-goog-user-project=laguttagning
[debug] [2026-06-06T00:52:24.038Z] >>> [apiv2][body] POST https://cloudresourcemanager.googleapis.com/v1/projects/laguttagning:testIamPermissions {"permissions":["firebase.projects.get","firebaseextensions.instances.list"]}
[debug] [2026-06-06T00:52:24.756Z] <<< [apiv2][status] POST https://cloudresourcemanager.googleapis.com/v1/projects/laguttagning:testIamPermissions 200
[debug] [2026-06-06T00:52:24.756Z] <<< [apiv2][body] POST https://cloudresourcemanager.googleapis.com/v1/projects/laguttagning:testIamPermissions {"permissions":["firebase.projects.get","firebaseextensions.instances.list"]}
[debug] [2026-06-06T00:52:24.757Z] Checked if tokens are valid: true, expires at: 1780710730473
[debug] [2026-06-06T00:52:24.757Z] Checked if tokens are valid: true, expires at: 1780710730473
[debug] [2026-06-06T00:52:24.757Z] >>> [apiv2][query] GET https://firebaseextensions.googleapis.com/v1beta/projects/laguttagning/instances pageSize=100&pageToken=
[debug] [2026-06-06T00:52:25.674Z] <<< [apiv2][status] GET https://firebaseextensions.googleapis.com/v1beta/projects/laguttagning/instances 200
[debug] [2026-06-06T00:52:25.674Z] <<< [apiv2][body] GET https://firebaseextensions.googleapis.com/v1beta/projects/laguttagning/instances {}
[info] i  functions: preparing functions directory for uploading... 
[info] i  functions: packaged C:\Users\timmy.karlsson\Documents\Privat\Laguttagning\Laguttagning\functions (76.2 KB) for uploading 
[info] i  functions: ensuring required API cloudscheduler.googleapis.com is enabled... 
[debug] [2026-06-06T00:52:25.753Z] Checked if tokens are valid: true, expires at: 1780710730473
[debug] [2026-06-06T00:52:25.753Z] Checked if tokens are valid: true, expires at: 1780710730473
[debug] [2026-06-06T00:52:25.753Z] >>> [apiv2][query] GET https://serviceusage.googleapis.com/v1/projects/946370451262/services/cloudscheduler.googleapis.com [none]
[debug] [2026-06-06T00:52:25.753Z] >>> [apiv2][(partial)header] GET https://serviceusage.googleapis.com/v1/projects/946370451262/services/cloudscheduler.googleapis.com  x-goog-user-project=946370451262
[debug] [2026-06-06T00:52:26.690Z] <<< [apiv2][status] GET https://serviceusage.googleapis.com/v1/projects/946370451262/services/cloudscheduler.googleapis.com 200
[debug] [2026-06-06T00:52:26.690Z] <<< [apiv2][body] GET https://serviceusage.googleapis.com/v1/projects/946370451262/services/cloudscheduler.googleapis.com [omitted]
[warn] !  functions: missing required API cloudscheduler.googleapis.com. Enabling now... 
[debug] [2026-06-06T00:52:26.691Z] Checked if tokens are valid: true, expires at: 1780710730473
[debug] [2026-06-06T00:52:26.691Z] Checked if tokens are valid: true, expires at: 1780710730473
[debug] [2026-06-06T00:52:26.691Z] >>> [apiv2][query] POST https://serviceusage.googleapis.com/v1/projects/946370451262/services/cloudscheduler.googleapis.com:enable [none]
[debug] [2026-06-06T00:52:26.691Z] >>> [apiv2][(partial)header] POST https://serviceusage.googleapis.com/v1/projects/946370451262/services/cloudscheduler.googleapis.com:enable  x-goog-user-project=946370451262
[debug] [2026-06-06T00:52:27.311Z] <<< [apiv2][status] POST https://serviceusage.googleapis.com/v1/projects/946370451262/services/cloudscheduler.googleapis.com:enable 200
[debug] [2026-06-06T00:52:27.312Z] <<< [apiv2][body] POST https://serviceusage.googleapis.com/v1/projects/946370451262/services/cloudscheduler.googleapis.com:enable [omitted]
